no change     /users/2/radke149/miniforge3/condabin/conda
no change     /users/2/radke149/miniforge3/bin/conda
no change     /users/2/radke149/miniforge3/bin/conda-env
no change     /users/2/radke149/miniforge3/bin/activate
no change     /users/2/radke149/miniforge3/bin/deactivate
no change     /users/2/radke149/miniforge3/etc/profile.d/conda.sh
no change     /users/2/radke149/miniforge3/etc/fish/conf.d/conda.fish
no change     /users/2/radke149/miniforge3/shell/condabin/Conda.psm1
no change     /users/2/radke149/miniforge3/shell/condabin/conda-hook.ps1
no change     /users/2/radke149/miniforge3/lib/python3.12/site-packages/xontrib/conda.xsh
no change     /users/2/radke149/miniforge3/etc/profile.d/conda.csh
no change     /users/2/radke149/.bashrc
No action taken.
/var/spool/slurmd/job41673753/slurm_script: line 19: source: /scratch.global/radke149/dicl-ksrl-py11: is a directory

CondaError: Run 'conda init' before 'conda activate'

Traceback (most recent call last):
  File "<stdin>", line 1, in <module>
ModuleNotFoundError: No module named 'nvidia'
Traceback (most recent call last):
  File "<string>", line 1, in <module>
ModuleNotFoundError: No module named 'jax'
Job started at: Mon Sep 29 17:01:21 CDT 2025
/var/spool/slurmd/job41673753/slurm_script: line 37: dicl-sac: command not found
Job ended at: Mon Sep 29 17:01:21 CDT 2025
